Process 16815 exited: 0
Process 16817 exited: 0
Process 16819 exited: 0
