Process 16823 exited: 0
Process 16825 exited: 0
Process 16827 exited: 0
Process 16829 exited: 0
Process 16831 exited: 0
