Process 16835 exited: 0
Process 16838 exited: 0
Process 16840 exited: 0
Process 16842 exited: 0
Process 16845 exited: 0
Process 16848 exited: 0
Process 16851 exited: 0
Process 16855 exited: 0
