Process 16861 exited: 0
Process 16863 exited: 0
Process 16865 exited: 0
Process 16869 exited: 0
Process 16873 exited: 0
