Process 16880 exited: 0
Process 16884 exited: 0
Process 16889 exited: 0
Process 16892 exited: 0
