kill: illegal process id: $PPID
Process 16898 exited: 0
Process 16901 exited: 0
